lint-and-test	Pytest (portable suite)	﻿2026-08-14T05:21:43.9197036Z ##[group]Run uv run pytest -k "not (test_env_scan_all_healthy or test_terminate_process_tree_kills_children)"
lint-and-test	Pytest (portable suite)	2026-08-14T05:21:43.9197817Z ^[[36;1muv run pytest -k "not (test_env_scan_all_healthy or test_terminate_process_tree_kills_children)"^[[0m
lint-and-test	Pytest (portable suite)	2026-08-14T05:21:43.9236269Z shell: /usr/bin/bash -e {0}
lint-and-test	Pytest (portable suite)	2026-08-14T05:21:43.9236539Z env:
lint-and-test	Pytest (portable suite)	2026-08-14T05:21:43.9236813Z   UV_PYTHON_INSTALL_DIR: /home/runner/work/_temp/uv-python-dir
lint-and-test	Pytest (portable suite)	2026-08-14T05:21:43.9237211Z   UV_CACHE_DIR: /home/runner/work/_temp/setup-uv-cache
lint-and-test	Pytest (portable suite)	2026-08-14T05:21:43.9237513Z ##[endgroup]
lint-and-test	Pytest (portable suite)	2026-08-14T05:21:45.8929936Z ============================= test session starts ==============================
lint-and-test	Pytest (portable suite)	2026-08-14T05:21:45.8931763Z platform linux -- Python 3.12.3, pytest-8.4.2, pluggy-1.6.0
lint-and-test	Pytest (portable suite)	2026-08-14T05:21:45.8932722Z rootdir: /home/runner/work/control-plane/control-plane
lint-and-test	Pytest (portable suite)	2026-08-14T05:21:45.8933563Z configfile: pyproject.toml
lint-and-test	Pytest (portable suite)	2026-08-14T05:21:45.8934195Z testpaths: tests
lint-and-test	Pytest (portable suite)	2026-08-14T05:21:45.8934843Z plugins: anyio-4.14.2, cov-6.3.0, asyncio-0.26.0
lint-and-test	Pytest (portable suite)	2026-08-14T05:21:45.8936100Z asyncio: mode=Mode.AUTO, asyncio_default_fixture_loop_scope=None, asyncio_default_test_loop_scope=function
lint-and-test	Pytest (portable suite)	2026-08-14T05:21:45.8937257Z collected 187 items / 2 deselected / 185 selected
lint-and-test	Pytest (portable suite)	2026-08-14T05:21:45.8937849Z 
lint-and-test	Pytest (portable suite)	2026-08-14T05:21:45.8970558Z tests/test_advisories.py ....                                            [  2%]
lint-and-test	Pytest (portable suite)	2026-08-14T05:21:45.8988853Z tests/test_alerts.py ..                                                  [  3%]
lint-and-test	Pytest (portable suite)	2026-08-14T05:21:46.3582514Z tests/test_app.py .....                                                  [  5%]
lint-and-test	Pytest (portable suite)	2026-08-14T05:21:46.8664769Z tests/test_app_batch2.py .......                                         [  9%]
lint-and-test	Pytest (portable suite)	2026-08-14T05:21:46.8721362Z tests/test_audit.py ......                                               [ 12%]
lint-and-test	Pytest (portable suite)	2026-08-14T05:21:48.3640299Z tests/test_batch2_reliability.py ......F.......                          [ 20%]
lint-and-test	Pytest (portable suite)	2026-08-14T05:21:48.3968832Z tests/test_budget.py ..                                                  [ 21%]
lint-and-test	Pytest (portable suite)	2026-08-14T05:21:48.4026569Z tests/test_config.py .....                                               [ 24%]
lint-and-test	Pytest (portable suite)	2026-08-14T05:21:48.4545911Z tests/test_controlled_ignores.py ...                                     [ 25%]
lint-and-test	Pytest (portable suite)	2026-08-14T05:21:48.4562268Z tests/test_coverage_gate.py ..                                           [ 27%]
lint-and-test	Pytest (portable suite)	2026-08-14T05:21:48.4590061Z tests/test_digest_loop.py ....                                           [ 29%]
lint-and-test	Pytest (portable suite)	2026-08-14T05:21:48.4937951Z tests/test_dsh_runner.py .........                                       [ 34%]
lint-and-test	Pytest (portable suite)	2026-08-14T05:21:48.4977018Z tests/test_errors.py ......                                              [ 37%]
lint-and-test	Pytest (portable suite)	2026-08-14T05:21:48.5102163Z tests/test_gateway.py .........                                          [ 42%]
lint-and-test	Pytest (portable suite)	2026-08-14T05:21:48.5166270Z tests/test_gitpush.py .......                                            [ 45%]
lint-and-test	Pytest (portable suite)	2026-08-14T05:21:48.5615385Z tests/test_metrics.py ..                                                 [ 47%]
lint-and-test	Pytest (portable suite)	2026-08-14T05:21:48.8412521Z tests/test_model_sources.py ........                                     [ 51%]
lint-and-test	Pytest (portable suite)	2026-08-14T05:21:49.2339593Z tests/test_real_git_recovery.py .....                                    [ 54%]
lint-and-test	Pytest (portable suite)	2026-08-14T05:21:49.3883998Z tests/test_reconcile.py .....                                            [ 56%]
lint-and-test	Pytest (portable suite)	2026-08-14T05:21:49.4329445Z tests/test_recovery_classification.py .                                  [ 57%]
lint-and-test	Pytest (portable suite)	2026-08-14T05:21:50.3601880Z tests/test_repair_flow.py ....................                           [ 68%]
lint-and-test	Pytest (portable suite)	2026-08-14T05:21:50.9286298Z tests/test_resources.py ......                                           [ 71%]
lint-and-test	Pytest (portable suite)	2026-08-14T05:21:51.5779408Z tests/test_restart_recovery.py .....                                     [ 74%]
lint-and-test	Pytest (portable suite)	2026-08-14T05:21:54.4415639Z tests/test_runtime.py .........s                                         [ 79%]
lint-and-test	Pytest (portable suite)	2026-08-14T05:21:54.4482489Z tests/test_state_machine.py ...........                                  [ 85%]
lint-and-test	Pytest (portable suite)	2026-08-14T05:21:54.4862667Z tests/test_state_semantics.py ......                                     [ 88%]
lint-and-test	Pytest (portable suite)	2026-08-14T05:21:54.5168403Z tests/test_storage.py ..                                                 [ 89%]
lint-and-test	Pytest (portable suite)	2026-08-14T05:21:54.6680675Z tests/test_storage_batch2.py .........                                   [ 94%]
lint-and-test	Pytest (portable suite)	2026-08-14T05:21:54.7581285Z tests/test_storage_migrations.py .....                                   [ 97%]
lint-and-test	Pytest (portable suite)	2026-08-14T05:21:54.7607240Z tests/test_tools.py ...                                                  [ 98%]
lint-and-test	Pytest (portable suite)	2026-08-14T05:21:54.7712016Z tests/test_verifier.py ..                                                [100%]
lint-and-test	Pytest (portable suite)	2026-08-14T05:21:54.7712830Z 
lint-and-test	Pytest (portable suite)	2026-08-14T05:21:54.7713479Z =================================== FAILURES ===================================
lint-and-test	Pytest (portable suite)	2026-08-14T05:21:54.7714391Z _________________ test_dsh_runner_audits_and_writes_run_header _________________
lint-and-test	Pytest (portable suite)	2026-08-14T05:21:54.7715118Z 
lint-and-test	Pytest (portable suite)	2026-08-14T05:21:54.7715804Z tmp_path = PosixPath('/tmp/pytest-of-runner/pytest-0/test_dsh_runner_audits_and_wri0')
lint-and-test	Pytest (portable suite)	2026-08-14T05:21:54.7716717Z 
lint-and-test	Pytest (portable suite)	2026-08-14T05:21:54.7717115Z     @pytest.mark.asyncio
lint-and-test	Pytest (portable suite)	2026-08-14T05:21:54.7718063Z     async def test_dsh_runner_audits_and_writes_run_header(tmp_path) -> None:
lint-and-test	Pytest (portable suite)	2026-08-14T05:21:54.7719186Z         config = replace(_config(tmp_path), dsh_cli=Path(sys.executable))
lint-and-test	Pytest (portable suite)	2026-08-14T05:21:54.7720103Z         store = Store(config.state_db)
lint-and-test	Pytest (portable suite)	2026-08-14T05:21:54.7720829Z         runner = DshRunner(config)
lint-and-test	Pytest (portable suite)	2026-08-14T05:21:54.7721762Z         runner.attach_store(store)
lint-and-test	Pytest (portable suite)	2026-08-14T05:21:54.7722465Z >       result = await runner.run_task(
lint-and-test	Pytest (portable suite)	2026-08-14T05:21:54.7723115Z             repair_id="repair-runner",
lint-and-test	Pytest (portable suite)	2026-08-14T05:21:54.7723770Z             repo=str(tmp_path),
lint-and-test	Pytest (portable suite)	2026-08-14T05:21:54.7724342Z             prompt="hello",
lint-and-test	Pytest (portable suite)	2026-08-14T05:21:54.7724886Z             run_id="run-audit-1",
lint-and-test	Pytest (portable suite)	2026-08-14T05:21:54.7725431Z         )
lint-and-test	Pytest (portable suite)	2026-08-14T05:21:54.7725760Z 
lint-and-test	Pytest (portable suite)	2026-08-14T05:21:54.7726100Z tests/test_batch2_reliability.py:268: 
lint-and-test	Pytest (portable suite)	2026-08-14T05:21:54.7726804Z _ _ _ _ _ _ _ _ _ _ _ _ _ _ _ _ _ _ _ _ _ _ _ _ _ _ _ _ _ _ _ _ _ _ _ _ _ _ _ _ 
lint-and-test	Pytest (portable suite)	2026-08-14T05:21:54.7727540Z src/control_plane/dsh_runner.py:139: in run_task
lint-and-test	Pytest (portable suite)	2026-08-14T05:21:54.7728270Z     proc = await asyncio.create_subprocess_exec(
lint-and-test	Pytest (portable suite)	2026-08-14T05:21:54.7729083Z /usr/lib/python3.12/asyncio/subprocess.py:224: in create_subprocess_exec
lint-and-test	Pytest (portable suite)	2026-08-14T05:21:54.7729927Z     transport, protocol = await loop.subprocess_exec(
lint-and-test	Pytest (portable suite)	2026-08-14T05:21:54.7730707Z /usr/lib/python3.12/asyncio/base_events.py:1744: in subprocess_exec
lint-and-test	Pytest (portable suite)	2026-08-14T05:21:54.7731739Z     transport = await self._make_subprocess_transport(
lint-and-test	Pytest (portable suite)	2026-08-14T05:21:54.7732581Z /usr/lib/python3.12/asyncio/unix_events.py:211: in _make_subprocess_transport
lint-and-test	Pytest (portable suite)	2026-08-14T05:21:54.7733860Z     transp = _UnixSubprocessTransport(self, protocol, args, shell,
lint-and-test	Pytest (portable suite)	2026-08-14T05:21:54.7734687Z /usr/lib/python3.12/asyncio/base_subprocess.py:36: in __init__
lint-and-test	Pytest (portable suite)	2026-08-14T05:21:54.7735546Z     self._start(args=args, shell=shell, stdin=stdin, stdout=stdout,
lint-and-test	Pytest (portable suite)	2026-08-14T05:21:54.7736339Z /usr/lib/python3.12/asyncio/unix_events.py:820: in _start
lint-and-test	Pytest (portable suite)	2026-08-14T05:21:54.7737029Z     self._proc = subprocess.Popen(
lint-and-test	Pytest (portable suite)	2026-08-14T05:21:54.7737675Z /usr/lib/python3.12/subprocess.py:1026: in __init__
lint-and-test	Pytest (portable suite)	2026-08-14T05:21:54.7738415Z     self._execute_child(args, executable, preexec_fn, close_fds,
lint-and-test	Pytest (portable suite)	2026-08-14T05:21:54.7739184Z _ _ _ _ _ _ _ _ _ _ _ _ _ _ _ _ _ _ _ _ _ _ _ _ _ _ _ _ _ _ _ _ _ _ _ _ _ _ _ _ 
lint-and-test	Pytest (portable suite)	2026-08-14T05:21:54.7739716Z 
lint-and-test	Pytest (portable suite)	2026-08-14T05:21:54.7740250Z self = <Popen: returncode: 255 args: ('/home/runner/work/control-plane/control-plan...>
lint-and-test	Pytest (portable suite)	2026-08-14T05:21:54.7741641Z args = ['/home/runner/work/control-plane/control-plane/.venv/bin/python', '--profile', 'headless', 'hello']
lint-and-test	Pytest (portable suite)	2026-08-14T05:21:54.7742836Z executable = b'/home/runner/work/control-plane/control-plane/.venv/bin/python'
lint-and-test	Pytest (portable suite)	2026-08-14T05:21:54.7743731Z preexec_fn = None, close_fds = True, pass_fds = ()
lint-and-test	Pytest (portable suite)	2026-08-14T05:21:54.7744521Z cwd = '\\tmp\\pytest-of-runner\\pytest-0\\test_dsh_runner_audits_and_wri0'
lint-and-test	Pytest (portable suite)	2026-08-14T05:21:54.7745448Z env = None, startupinfo = None, creationflags = 0, shell = False, p2cread = 32
lint-and-test	Pytest (portable suite)	2026-08-14T05:21:54.7746431Z p2cwrite = -1, c2pread = 33, c2pwrite = 34, errread = 35, errwrite = 36
lint-and-test	Pytest (portable suite)	2026-08-14T05:21:54.7747691Z restore_signals = True, gid = None, gids = None, uid = None, umask = -1
lint-and-test	Pytest (portable suite)	2026-08-14T05:21:54.7748487Z start_new_session = False, process_group = -1
lint-and-test	Pytest (portable suite)	2026-08-14T05:21:54.7748984Z 
lint-and-test	Pytest (portable suite)	2026-08-14T05:21:54.7749426Z     def _execute_child(self, args, executable, preexec_fn, close_fds,
lint-and-test	Pytest (portable suite)	2026-08-14T05:21:54.7750165Z                        pass_fds, cwd, env,
lint-and-test	Pytest (portable suite)	2026-08-14T05:21:54.7750791Z                        startupinfo, creationflags, shell,
lint-and-test	Pytest (portable suite)	2026-08-14T05:21:54.7751647Z                        p2cread, p2cwrite,
lint-and-test	Pytest (portable suite)	2026-08-14T05:21:54.7752247Z                        c2pread, c2pwrite,
lint-and-test	Pytest (portable suite)	2026-08-14T05:21:54.7752824Z                        errread, errwrite,
lint-and-test	Pytest (portable suite)	2026-08-14T05:21:54.7753405Z                        restore_signals,
lint-and-test	Pytest (portable suite)	2026-08-14T05:21:54.7753970Z                        gid, gids, uid, umask,
lint-and-test	Pytest (portable suite)	2026-08-14T05:21:54.7754587Z                        start_new_session, process_group):
lint-and-test	Pytest (portable suite)	2026-08-14T05:21:54.7755225Z         """Execute program (POSIX version)"""
lint-and-test	Pytest (portable suite)	2026-08-14T05:21:54.7755810Z     
lint-and-test	Pytest (portable suite)	2026-08-14T05:21:54.7756272Z         if isinstance(args, (str, bytes)):
lint-and-test	Pytest (portable suite)	2026-08-14T05:21:54.7756848Z             args = [args]
lint-and-test	Pytest (portable suite)	2026-08-14T05:21:54.7757378Z         elif isinstance(args, os.PathLike):
lint-and-test	Pytest (portable suite)	2026-08-14T05:21:54.7757951Z             if shell:
lint-and-test	Pytest (portable suite)	2026-08-14T05:21:54.7758533Z                 raise TypeError('path-like args is not allowed when '
lint-and-test	Pytest (portable suite)	2026-08-14T05:21:54.7759212Z                                 'shell is true')
lint-and-test	Pytest (portable suite)	2026-08-14T05:21:54.7759781Z             args = [args]
lint-and-test	Pytest (portable suite)	2026-08-14T05:21:54.7760416Z         else:
lint-and-test	Pytest (portable suite)	2026-08-14T05:21:54.7761126Z             args = list(args)
lint-and-test	Pytest (portable suite)	2026-08-14T05:21:54.7762106Z     
lint-and-test	Pytest (portable suite)	2026-08-14T05:21:54.7762872Z         if shell:
lint-and-test	Pytest (portable suite)	2026-08-14T05:21:54.7763474Z             # On Android the default shell is at '/system/bin/sh'.
lint-and-test	Pytest (portable suite)	2026-08-14T05:21:54.7764171Z             unix_shell = ('/system/bin/sh' if
lint-and-test	Pytest (portable suite)	2026-08-14T05:21:54.7764862Z                       hasattr(sys, 'getandroidapilevel') else '/bin/sh')
lint-and-test	Pytest (portable suite)	2026-08-14T05:21:54.7765578Z             args = [unix_shell, "-c"] + args
lint-and-test	Pytest (portable suite)	2026-08-14T05:21:54.7766192Z             if executable:
lint-and-test	Pytest (portable suite)	2026-08-14T05:21:54.7766709Z                 args[0] = executable
lint-and-test	Pytest (portable suite)	2026-08-14T05:21:54.7767245Z     
lint-and-test	Pytest (portable suite)	2026-08-14T05:21:54.7767684Z         if executable is None:
lint-and-test	Pytest (portable suite)	2026-08-14T05:21:54.7768230Z             executable = args[0]
lint-and-test	Pytest (portable suite)	2026-08-14T05:21:54.7768746Z     
lint-and-test	Pytest (portable suite)	2026-08-14T05:21:54.7769296Z         sys.audit("subprocess.Popen", executable, args, cwd, env)
lint-and-test	Pytest (portable suite)	2026-08-14T05:21:54.7769955Z     
lint-and-test	Pytest (portable suite)	2026-08-14T05:21:54.7770400Z         if (_USE_POSIX_SPAWN
lint-and-test	Pytest (portable suite)	2026-08-14T05:21:54.7800840Z                 and os.path.dirname(executable)
lint-and-test	Pytest (portable suite)	2026-08-14T05:21:54.7803559Z                 and preexec_fn is None
lint-and-test	Pytest (portable suite)	2026-08-14T05:21:54.7804288Z                 and not close_fds
lint-and-test	Pytest (portable suite)	2026-08-14T05:21:54.7804911Z                 and not pass_fds
lint-and-test	Pytest (portable suite)	2026-08-14T05:21:54.7805573Z                 and cwd is None
lint-and-test	Pytest (portable suite)	2026-08-14T05:21:54.7806293Z                 and (p2cread == -1 or p2cread > 2)
lint-and-test	Pytest (portable suite)	2026-08-14T05:21:54.7806989Z                 and (c2pwrite == -1 or c2pwrite > 2)
lint-and-test	Pytest (portable suite)	2026-08-14T05:21:54.7807667Z                 and (errwrite == -1 or errwrite > 2)
lint-and-test	Pytest (portable suite)	2026-08-14T05:21:54.7808365Z                 and not start_new_session
lint-and-test	Pytest (portable suite)	2026-08-14T05:21:54.7808968Z                 and process_group == -1
lint-and-test	Pytest (portable suite)	2026-08-14T05:21:54.7809559Z                 and gid is None
lint-and-test	Pytest (portable suite)	2026-08-14T05:21:54.7810099Z                 and gids is None
lint-and-test	Pytest (portable suite)	2026-08-14T05:21:54.7810623Z                 and uid is None
lint-and-test	Pytest (portable suite)	2026-08-14T05:21:54.7811579Z                 and umask < 0):
lint-and-test	Pytest (portable suite)	2026-08-14T05:21:54.7812490Z             self._posix_spawn(args, executable, env, restore_signals,
lint-and-test	Pytest (portable suite)	2026-08-14T05:21:54.7813232Z                               p2cread, p2cwrite,
lint-and-test	Pytest (portable suite)	2026-08-14T05:21:54.7813845Z                               c2pread, c2pwrite,
lint-and-test	Pytest (portable suite)	2026-08-14T05:21:54.7814595Z                               errread, errwrite)
lint-and-test	Pytest (portable suite)	2026-08-14T05:21:54.7815288Z             return
lint-and-test	Pytest (portable suite)	2026-08-14T05:21:54.7815730Z     
lint-and-test	Pytest (portable suite)	2026-08-14T05:21:54.7816180Z         orig_executable = executable
lint-and-test	Pytest (portable suite)	2026-08-14T05:21:54.7816705Z     
lint-and-test	Pytest (portable suite)	2026-08-14T05:21:54.7817261Z         # For transferring possible exec failure from child to parent.
lint-and-test	Pytest (portable suite)	2026-08-14T05:21:54.7818338Z         # Data format: "exception name:hex errno:description"
lint-and-test	Pytest (portable suite)	2026-08-14T05:21:54.7819119Z         # Pickle is not used; it is complex and involves memory allocation.
lint-and-test	Pytest (portable suite)	2026-08-14T05:21:54.7819879Z         errpipe_read, errpipe_write = os.pipe()
lint-and-test	Pytest (portable suite)	2026-08-14T05:21:54.7820595Z         # errpipe_write must not be in the standard io 0, 1, or 2 fd range.
lint-and-test	Pytest (portable suite)	2026-08-14T05:21:54.7821521Z         low_fds_to_close = []
lint-and-test	Pytest (portable suite)	2026-08-14T05:21:54.7822057Z         while errpipe_write < 3:
lint-and-test	Pytest (portable suite)	2026-08-14T05:21:54.7822639Z             low_fds_to_close.append(errpipe_write)
lint-and-test	Pytest (portable suite)	2026-08-14T05:21:54.7823284Z             errpipe_write = os.dup(errpipe_write)
lint-and-test	Pytest (portable suite)	2026-08-14T05:21:54.7823885Z         for low_fd in low_fds_to_close:
lint-and-test	Pytest (portable suite)	2026-08-14T05:21:54.7824422Z             os.close(low_fd)
lint-and-test	Pytest (portable suite)	2026-08-14T05:21:54.7824903Z         try:
lint-and-test	Pytest (portable suite)	2026-08-14T05:21:54.7825321Z             try:
lint-and-test	Pytest (portable suite)	2026-08-14T05:21:54.7825842Z                 # We must avoid complex work that could involve
lint-and-test	Pytest (portable suite)	2026-08-14T05:21:54.7826548Z                 # malloc or free in the child process to avoid
lint-and-test	Pytest (portable suite)	2026-08-14T05:21:54.7827236Z                 # potential deadlocks, thus we do all this here.
lint-and-test	Pytest (portable suite)	2026-08-14T05:21:54.7827876Z                 # and pass it to fork_exec()
lint-and-test	Pytest (portable suite)	2026-08-14T05:21:54.7828410Z     
lint-and-test	Pytest (portable suite)	2026-08-14T05:21:54.7828831Z                 if env is not None:
lint-and-test	Pytest (portable suite)	2026-08-14T05:21:54.7829358Z                     env_list = []
lint-and-test	Pytest (portable suite)	2026-08-14T05:21:54.7829877Z                     for k, v in env.items():
lint-and-test	Pytest (portable suite)	2026-08-14T05:21:54.7830441Z                         k = os.fsencode(k)
lint-and-test	Pytest (portable suite)	2026-08-14T05:21:54.7831185Z                         if b'=' in k:
lint-and-test	Pytest (portable suite)	2026-08-14T05:21:54.7832073Z                             raise ValueError("illegal environment variable name")
lint-and-test	Pytest (portable suite)	2026-08-14T05:21:54.7833005Z                         env_list.append(k + b'=' + os.fsencode(v))
lint-and-test	Pytest (portable suite)	2026-08-14T05:21:54.7833645Z                 else:
lint-and-test	Pytest (portable suite)	2026-08-14T05:21:54.7834200Z                     env_list = None  # Use execv instead of execve.
lint-and-test	Pytest (portable suite)	2026-08-14T05:21:54.7834864Z                 executable = os.fsencode(executable)
lint-and-test	Pytest (portable suite)	2026-08-14T05:21:54.7835497Z                 if os.path.dirname(executable):
lint-and-test	Pytest (portable suite)	2026-08-14T05:21:54.7836115Z                     executable_list = (executable,)
lint-and-test	Pytest (portable suite)	2026-08-14T05:21:54.7836681Z                 else:
lint-and-test	Pytest (portable suite)	2026-08-14T05:21:54.7837216Z                     # This matches the behavior of os._execvpe().
lint-and-test	Pytest (portable suite)	2026-08-14T05:21:54.7837860Z                     executable_list = tuple(
lint-and-test	Pytest (portable suite)	2026-08-14T05:21:54.7838483Z                         os.path.join(os.fsencode(dir), executable)
lint-and-test	Pytest (portable suite)	2026-08-14T05:21:54.7839157Z                         for dir in os.get_exec_path(env))
lint-and-test	Pytest (portable suite)	2026-08-14T05:21:54.7840057Z                 fds_to_keep = set(pass_fds)
lint-and-test	Pytest (portable suite)	2026-08-14T05:21:54.7840651Z                 fds_to_keep.add(errpipe_write)
lint-and-test	Pytest (portable suite)	2026-08-14T05:21:54.7841549Z                 self.pid = _fork_exec(
lint-and-test	Pytest (portable suite)	2026-08-14T05:21:54.7842119Z                         args, executable_list,
lint-and-test	Pytest (portable suite)	2026-08-14T05:21:54.7842756Z                         close_fds, tuple(sorted(map(int, fds_to_keep))),
lint-and-test	Pytest (portable suite)	2026-08-14T05:21:54.7843411Z                         cwd, env_list,
lint-and-test	Pytest (portable suite)	2026-08-14T05:21:54.7844019Z                         p2cread, p2cwrite, c2pread, c2pwrite,
lint-and-test	Pytest (portable suite)	2026-08-14T05:21:54.7844643Z                         errread, errwrite,
lint-and-test	Pytest (portable suite)	2026-08-14T05:21:54.7845226Z                         errpipe_read, errpipe_write,
lint-and-test	Pytest (portable suite)	2026-08-14T05:21:54.7845852Z                         restore_signals, start_new_session,
lint-and-test	Pytest (portable suite)	2026-08-14T05:21:54.7846569Z                         process_group, gid, gids, uid, umask,
lint-and-test	Pytest (portable suite)	2026-08-14T05:21:54.7847162Z                         preexec_fn, _USE_VFORK)
lint-and-test	Pytest (portable suite)	2026-08-14T05:21:54.7847721Z                 self._child_created = True
lint-and-test	Pytest (portable suite)	2026-08-14T05:21:54.7848235Z             finally:
lint-and-test	Pytest (portable suite)	2026-08-14T05:21:54.7848719Z                 # be sure the FD is closed no matter what
lint-and-test	Pytest (portable suite)	2026-08-14T05:21:54.7849288Z                 os.close(errpipe_write)
lint-and-test	Pytest (portable suite)	2026-08-14T05:21:54.7849787Z     
lint-and-test	Pytest (portable suite)	2026-08-14T05:21:54.7850217Z             self._close_pipe_fds(p2cread, p2cwrite,
lint-and-test	Pytest (portable suite)	2026-08-14T05:21:54.7850799Z                                  c2pread, c2pwrite,
lint-and-test	Pytest (portable suite)	2026-08-14T05:21:54.7851828Z                                  errread, errwrite)
lint-and-test	Pytest (portable suite)	2026-08-14T05:21:54.7852343Z     
lint-and-test	Pytest (portable suite)	2026-08-14T05:21:54.7852891Z             # Wait for exec to fail or succeed; possibly raising an
lint-and-test	Pytest (portable suite)	2026-08-14T05:21:54.7853515Z             # exception (limited in size)
lint-and-test	Pytest (portable suite)	2026-08-14T05:21:54.7854032Z             errpipe_data = bytearray()
lint-and-test	Pytest (portable suite)	2026-08-14T05:21:54.7854515Z             while True:
lint-and-test	Pytest (portable suite)	2026-08-14T05:21:54.7854967Z                 part = os.read(errpipe_read, 50000)
lint-and-test	Pytest (portable suite)	2026-08-14T05:21:54.7855500Z                 errpipe_data += part
lint-and-test	Pytest (portable suite)	2026-08-14T05:21:54.7856046Z                 if not part or len(errpipe_data) > 50000:
lint-and-test	Pytest (portable suite)	2026-08-14T05:21:54.7856587Z                     break
lint-and-test	Pytest (portable suite)	2026-08-14T05:21:54.7856997Z         finally:
lint-and-test	Pytest (portable suite)	2026-08-14T05:21:54.7857433Z             # be sure the FD is closed no matter what
lint-and-test	Pytest (portable suite)	2026-08-14T05:21:54.7857973Z             os.close(errpipe_read)
lint-and-test	Pytest (portable suite)	2026-08-14T05:21:54.7858441Z     
lint-and-test	Pytest (portable suite)	2026-08-14T05:21:54.7858812Z         if errpipe_data:
lint-and-test	Pytest (portable suite)	2026-08-14T05:21:54.7859228Z             try:
lint-and-test	Pytest (portable suite)	2026-08-14T05:21:54.7859660Z                 pid, sts = os.waitpid(self.pid, 0)
lint-and-test	Pytest (portable suite)	2026-08-14T05:21:54.7860189Z                 if pid == self.pid:
lint-and-test	Pytest (portable suite)	2026-08-14T05:21:54.7860693Z                     self._handle_exitstatus(sts)
lint-and-test	Pytest (portable suite)	2026-08-14T05:21:54.7861431Z                 else:
lint-and-test	Pytest (portable suite)	2026-08-14T05:21:54.7861871Z                     self.returncode = sys.maxsize
lint-and-test	Pytest (portable suite)	2026-08-14T05:21:54.7862416Z             except ChildProcessError:
lint-and-test	Pytest (portable suite)	2026-08-14T05:21:54.7862890Z                 pass
lint-and-test	Pytest (portable suite)	2026-08-14T05:21:54.7863278Z     
lint-and-test	Pytest (portable suite)	2026-08-14T05:21:54.7863628Z             try:
lint-and-test	Pytest (portable suite)	2026-08-14T05:21:54.7864060Z                 exception_name, hex_errno, err_msg = (
lint-and-test	Pytest (portable suite)	2026-08-14T05:21:54.7864644Z                         errpipe_data.split(b':', 2))
lint-and-test	Pytest (portable suite)	2026-08-14T05:21:54.7865229Z                 # The encoding here should match the encoding
lint-and-test	Pytest (portable suite)	2026-08-14T05:21:54.9227142Z                 # written in by the subprocess implementations
lint-and-test	Pytest (portable suite)	2026-08-14T05:21:54.9228109Z                 # like _posixsubprocess
lint-and-test	Pytest (portable suite)	2026-08-14T05:21:54.9228806Z                 err_msg = err_msg.decode()
lint-and-test	Pytest (portable suite)	2026-08-14T05:21:54.9229536Z             except ValueError:
lint-and-test	Pytest (portable suite)	2026-08-14T05:21:54.9230192Z                 exception_name = b'SubprocessError'
lint-and-test	Pytest (portable suite)	2026-08-14T05:21:54.9230931Z                 hex_errno = b'0'
lint-and-test	Pytest (portable suite)	2026-08-14T05:21:54.9231923Z                 err_msg = 'Bad exception data from child: {!r}'.format(
lint-and-test	Pytest (portable suite)	2026-08-14T05:21:54.9232689Z                               bytes(errpipe_data))
lint-and-test	Pytest (portable suite)	2026-08-14T05:21:54.9233322Z             child_exception_type = getattr(
lint-and-test	Pytest (portable suite)	2026-08-14T05:21:54.9233968Z                     builtins, exception_name.decode('ascii'),
lint-and-test	Pytest (portable suite)	2026-08-14T05:21:54.9234959Z                     SubprocessError)
lint-and-test	Pytest (portable suite)	2026-08-14T05:21:54.9235605Z             if issubclass(child_exception_type, OSError) and hex_errno:
lint-and-test	Pytest (portable suite)	2026-08-14T05:21:54.9236309Z                 errno_num = int(hex_errno, 16)
lint-and-test	Pytest (portable suite)	2026-08-14T05:21:54.9236851Z                 if err_msg == "noexec:chdir":
lint-and-test	Pytest (portable suite)	2026-08-14T05:21:54.9237359Z                     err_msg = ""
lint-and-test	Pytest (portable suite)	2026-08-14T05:21:54.9237866Z                     # The error must be from chdir(cwd).
lint-and-test	Pytest (portable suite)	2026-08-14T05:21:54.9238429Z                     err_filename = cwd
lint-and-test	Pytest (portable suite)	2026-08-14T05:21:54.9238935Z                 elif err_msg == "noexec":
lint-and-test	Pytest (portable suite)	2026-08-14T05:21:54.9239438Z                     err_msg = ""
lint-and-test	Pytest (portable suite)	2026-08-14T05:21:54.9239912Z                     err_filename = None
lint-and-test	Pytest (portable suite)	2026-08-14T05:21:54.9240394Z                 else:
lint-and-test	Pytest (portable suite)	2026-08-14T05:21:54.9240827Z                     err_filename = orig_executable
lint-and-test	Pytest (portable suite)	2026-08-14T05:21:54.9241786Z                 if errno_num != 0:
lint-and-test	Pytest (portable suite)	2026-08-14T05:21:54.9242316Z                     err_msg = os.strerror(errno_num)
lint-and-test	Pytest (portable suite)	2026-08-14T05:21:54.9242894Z                 if err_filename is not None:
lint-and-test	Pytest (portable suite)	2026-08-14T05:21:54.9243555Z >                   raise child_exception_type(errno_num, err_msg, err_filename)
lint-and-test	Pytest (portable suite)	2026-08-14T05:21:54.9244726Z E                   FileNotFoundError: [Errno 2] No such file or directory: '\\tmp\\pytest-of-runner\\pytest-0\\test_dsh_runner_audits_and_wri0'
lint-and-test	Pytest (portable suite)	2026-08-14T05:21:54.9245612Z 
lint-and-test	Pytest (portable suite)	2026-08-14T05:21:54.9245947Z /usr/lib/python3.12/subprocess.py:1955: FileNotFoundError
lint-and-test	Pytest (portable suite)	2026-08-14T05:21:54.9246911Z =============================== warnings summary ===============================
lint-and-test	Pytest (portable suite)	2026-08-14T05:21:54.9247652Z .venv/lib/python3.12/site-packages/fastapi/testclient.py:1
lint-and-test	Pytest (portable suite)	2026-08-14T05:21:54.9249359Z   /home/runner/work/control-plane/control-plane/.venv/lib/python3.12/site-packages/fastapi/testclient.py:1: StarletteDeprecationWarning: Using `httpx` with `starlette.testclient` is deprecated; install `httpx2` instead.
lint-and-test	Pytest (portable suite)	2026-08-14T05:21:54.9251299Z     from starlette.testclient import TestClient as TestClient  # noqa
lint-and-test	Pytest (portable suite)	2026-08-14T05:21:54.9251880Z 
lint-and-test	Pytest (portable suite)	2026-08-14T05:21:54.9252312Z -- Docs: https://docs.pytest.org/en/stable/how-to/capture-warnings.html
lint-and-test	Pytest (portable suite)	2026-08-14T05:21:54.9253118Z =========================== short test summary info ============================
lint-and-test	Pytest (portable suite)	2026-08-14T05:21:54.9254699Z FAILED tests/test_batch2_reliability.py::test_dsh_runner_audits_and_writes_run_header - FileNotFoundError: [Errno 2] No such file or directory: '\\tmp\\pytest-of-runner\\pytest-0\\test_dsh_runner_audits_and_wri0'
lint-and-test	Pytest (portable suite)	2026-08-14T05:21:54.9256331Z ====== 1 failed, 183 passed, 1 skipped, 2 deselected, 1 warning in 9.98s =======
lint-and-test	Pytest (portable suite)	2026-08-14T05:21:55.0634933Z ##[error]Process completed with exit code 1.
